// Jest Snapshot v1, https://jestjs.io/docs/snapshot-testing

exports[`Swagger documentation emits an unchanged OpenAPI schema 1`] = `
{
  "components": {
    "schemas": {
      "Advert": {
        "properties": {
          "additionalParties": {
            "description": "Additional involved parties for the advert.",
            "items": {
              "$ref": "#/components/schemas/Institution",
            },
            "nullable": false,
            "type": "array",
          },
          "additions": {
            "description": "Additions for the advert.",
            "items": {
              "$ref": "#/components/schemas/CaseAddition",
            },
            "type": "array",
          },
          "attachments": {
            "description": "Attachments for the advert.",
            "items": {
              "$ref": "#/components/schemas/AdvertAttachment",
            },
            "type": "array",
          },
          "categories": {
            "description": "List of advert categories.",
            "items": {
              "$ref": "#/components/schemas/Category",
            },
            "nullable": false,
            "type": "array",
          },
          "corrections": {
            "description": "Corrections made to the advert.",
            "items": {
              "$ref": "#/components/schemas/AdvertCorrection",
            },
            "type": "array",
          },
          "createdDate": {
            "description": "Date the advert was created. ISO 8601 date and time format in UTC.",
            "example": "2024-01-01T09:00:00Z",
            "nullable": false,
            "type": "string",
          },
          "department": {
            "allOf": [
              {
                "$ref": "#/components/schemas/Department",
              },
            ],
            "description": "The department the advert is for.",
            "example": "A deild",
            "nullable": false,
          },
          "document": {
            "allOf": [
              {
                "$ref": "#/components/schemas/AdvertDocument",
              },
            ],
            "description": "Advert document in different formats.",
            "nullable": false,
          },
          "hideSignatureDate": {
            "description": "Hide the display, signature date is not sensitive info.",
            "type": "boolean",
          },
          "id": {
            "description": "Unique ID for the advert, GUID format.",
            "example": "00000000-0000-0000-0000-000000000000",
            "nullable": false,
            "type": "string",
          },
          "involvedParty": {
            "allOf": [
              {
                "$ref": "#/components/schemas/Institution",
              },
            ],
            "description": "Involved party for the advert.",
            "nullable": false,
          },
          "publicationDate": {
            "description": "Date the advert was signed, can be null. ISO 8601 date and time format in UTC.",
            "example": "2024-01-20T09:00:00Z",
            "nullable": true,
            "type": "string",
          },
          "publicationNumber": {
            "allOf": [
              {
                "$ref": "#/components/schemas/AdvertPublicationNumber",
              },
            ],
            "description": "Publication number of the advert",
            "nullable": true,
          },
          "signature": {
            "allOf": [
              {
                "$ref": "#/components/schemas/AdvertSignature",
              },
            ],
            "description": "Signatures for the advert.",
          },
          "signatureDate": {
            "description": "Date the advert was signed, can be null. ISO 8601 date and time format in UTC.",
            "example": "2024-01-10T16:00:00Z",
            "nullable": true,
            "type": "string",
          },
          "status": {
            "allOf": [
              {
                "$ref": "#/components/schemas/AdvertStatus",
              },
            ],
            "description": "Status of the advert",
            "example": "Virk",
            "nullable": false,
          },
          "subject": {
            "description": "Subject of the advert, always dependant on the \`type\`.",
            "example": "fyrir hundahald í Reykjavíkurborg.",
            "type": "string",
          },
          "title": {
            "description": "Title of the advert with both \`type\` and \`subject\`.",
            "example": "GJALDSKRÁ fyrir hundahald í Reykjavíkurborg.",
            "type": "string",
          },
          "type": {
            "allOf": [
              {
                "$ref": "#/components/schemas/AdvertType",
              },
            ],
            "description": "Type of the advert.",
            "example": "GJALDSKRÁ",
          },
          "updatedDate": {
            "description": "Date the advert was last updated. ISO 8601 date and time format in UTC.",
            "example": "2024-01-20T09:00:00Z",
            "nullable": false,
            "type": "string",
          },
        },
        "required": [
          "id",
          "department",
          "type",
          "title",
          "status",
          "publicationNumber",
          "createdDate",
          "updatedDate",
          "signatureDate",
          "publicationDate",
          "categories",
          "involvedParty",
          "additionalParties",
          "document",
          "signature",
          "attachments",
        ],
        "type": "object",
      },
      "AdvertAttachment": {
        "properties": {
          "name": {
            "description": "File name for Attachment.",
            "example": "Viðauki.pdf",
            "type": "string",
          },
          "type": {
            "description": "Type Attachment.",
            "example": "addendum",
            "type": "string",
          },
          "url": {
            "description": "URL for Attachment.",
            "example": "<url>",
            "type": "string",
          },
        },
        "required": [
          "name",
          "type",
          "url",
        ],
        "type": "object",
      },
      "AdvertCorrection": {
        "properties": {
          "advertId": {
            "description": "Id of the advert being corrected",
            "type": "string",
          },
          "createdDate": {
            "example": "2024-01-01T09:00:00Z",
            "nullable": false,
            "type": "string",
          },
          "description": {
            "description": "The correction description",
            "type": "string",
          },
          "documentHtml": {
            "type": "string",
          },
          "documentPdfUrl": {
            "type": "string",
          },
          "id": {
            "example": "d290f1ee-6c54-4b01-90e6-d701748f0851",
            "type": "string",
          },
          "isLegacy": {
            "type": "boolean",
          },
          "legacyDate": {
            "example": "2024-01-01T09:00:00Z",
            "nullable": true,
            "type": "string",
          },
          "title": {
            "description": "Title of the correction",
            "type": "string",
          },
          "updatedDate": {
            "example": "2024-01-20T09:00:00Z",
            "nullable": false,
            "type": "string",
          },
        },
        "required": [
          "id",
          "title",
          "description",
          "advertId",
          "createdDate",
          "updatedDate",
        ],
        "type": "object",
      },
      "AdvertDocument": {
        "properties": {
          "html": {
            "description": "Full HTML for the advert, either generated by new system or legacy system based on \`isLegacy\`.",
            "example": "<html string>",
            "nullable": true,
            "type": "string",
          },
          "isLegacy": {
            "description": "Is the \`html\` from the legacy system?",
            "example": "false",
            "type": "boolean",
          },
          "pdfUrl": {
            "description": "URL for the generated PDF file.",
            "example": "<url>",
            "nullable": true,
            "type": "string",
          },
        },
        "required": [
          "isLegacy",
          "html",
        ],
        "type": "object",
      },
      "AdvertLean": {
        "properties": {
          "categories": {
            "description": "List of advert categories.",
            "items": {
              "$ref": "#/components/schemas/Category",
            },
            "nullable": false,
            "type": "array",
          },
          "department": {
            "allOf": [
              {
                "$ref": "#/components/schemas/Department",
              },
            ],
            "description": "The department the advert is for.",
            "example": "A deild",
            "nullable": false,
          },
          "id": {
            "description": "Unique ID for the advert, GUID format.",
            "example": "00000000-0000-0000-0000-000000000000",
            "nullable": false,
            "type": "string",
          },
          "involvedParty": {
            "allOf": [
              {
                "$ref": "#/components/schemas/Institution",
              },
            ],
            "description": "Involved party for the advert.",
            "nullable": false,
          },
          "publicationDate": {
            "description": "Date the advert was signed, can be null. ISO 8601 date and time format in UTC.",
            "example": "2024-01-20T09:00:00Z",
            "nullable": true,
            "type": "string",
          },
          "publicationNumber": {
            "allOf": [
              {
                "$ref": "#/components/schemas/AdvertPublicationNumber",
              },
            ],
            "description": "Publication number of the advert",
            "nullable": true,
          },
          "status": {
            "allOf": [
              {
                "$ref": "#/components/schemas/AdvertStatus",
              },
            ],
            "description": "Status of the advert",
            "example": "Virk",
            "nullable": false,
          },
          "subject": {
            "description": "Subject of the advert, always dependant on the \`type\`.",
            "example": "fyrir hundahald í Reykjavíkurborg.",
            "type": "string",
          },
          "title": {
            "description": "Title of the advert with both \`type\` and \`subject\`.",
            "example": "GJALDSKRÁ fyrir hundahald í Reykjavíkurborg.",
            "type": "string",
          },
          "type": {
            "allOf": [
              {
                "$ref": "#/components/schemas/AdvertType",
              },
            ],
            "description": "Type of the advert.",
            "example": "GJALDSKRÁ",
          },
        },
        "required": [
          "id",
          "department",
          "type",
          "title",
          "status",
          "publicationNumber",
          "publicationDate",
          "categories",
          "involvedParty",
        ],
        "type": "object",
      },
      "AdvertMainType": {
        "properties": {
          "department": {
            "allOf": [
              {
                "$ref": "#/components/schemas/Department",
              },
            ],
            "description": "The department this main type belongs to",
          },
          "id": {
            "description": "The id of the main advert type",
            "type": "string",
          },
          "slug": {
            "description": "The slug of the main advert type",
            "type": "string",
          },
          "title": {
            "description": "The title of the main advert type",
            "type": "string",
          },
          "types": {
            "description": "All types under this main type",
            "items": {
              "$ref": "#/components/schemas/AdvertType",
            },
            "type": "array",
          },
        },
        "required": [
          "id",
          "title",
          "slug",
          "department",
          "types",
        ],
        "type": "object",
      },
      "AdvertPublicationNumber": {
        "properties": {
          "full": {
            "description": "Full publication number, with both \`number\` and \`year\` separated with \`/\`.",
            "example": "1/2024",
            "type": "string",
          },
          "number": {
            "description": "Serial number of the publication number.",
            "example": "1",
            "type": "number",
          },
          "year": {
            "description": "Year of the publication number.",
            "example": "2024",
            "type": "number",
          },
        },
        "required": [
          "number",
          "year",
          "full",
        ],
        "type": "object",
      },
      "AdvertSignature": {
        "properties": {
          "additional": {
            "description": "Optional addiational signature",
            "example": "Guðrún Jónsdóttir",
            "type": "string",
          },
          "advertId": {
            "description": "Advert ID",
            "example": "00000000-0000-0000-0000-000000000000",
            "type": "string",
          },
          "data": {
            "description": "Signature data",
            "example": true,
            "items": {
              "$ref": "#/components/schemas/AdvertSignatureData",
            },
            "nullable": false,
            "type": "array",
          },
          "id": {
            "description": "Unique ID for the signature, GUID format.",
            "example": "00000000-0000-0000-0000-000000000000",
            "nullable": false,
            "type": "string",
          },
          "type": {
            "allOf": [
              {
                "$ref": "#/components/schemas/AdvertSignatureType",
              },
            ],
            "description": "Type of the signature",
            "example": "Hefðbundin",
          },
        },
        "required": [
          "id",
          "advertId",
          "type",
          "data",
        ],
        "type": "object",
      },
      "AdvertSignatureData": {
        "properties": {
          "date": {
            "description": "Date of the signature",
            "example": "2006-10-17 00:00:00.0000",
            "nullable": false,
            "type": "string",
          },
          "institution": {
            "description": "Institution of the signature",
            "example": "Reykjavíkurborg",
            "type": "string",
          },
          "members": {
            "description": "Members of the signature",
            "example": true,
            "items": {
              "$ref": "#/components/schemas/AdvertSignatureMember",
            },
            "nullable": false,
            "type": "array",
          },
        },
        "required": [
          "institution",
          "date",
          "members",
        ],
        "type": "object",
      },
      "AdvertSignatureMember": {
        "properties": {
          "isChairman": {
            "description": "Marks the members as chairman or not",
            "example": true,
            "nullable": false,
            "type": "boolean",
          },
          "name": {
            "description": "Name of the committee chairman",
            "example": "Dagur B. Eggertsson",
            "type": "string",
          },
          "textAbove": {
            "description": "Text above the name of the signature",
            "example": "F.h.r",
            "nullable": true,
            "type": "string",
          },
          "textAfter": {
            "description": "Text after the name of the signature",
            "example": "formaður",
            "nullable": true,
            "type": "string",
          },
          "textBelow": {
            "description": "Text above the name of the signature",
            "example": "borgarstjóri",
            "nullable": true,
            "type": "string",
          },
        },
        "required": [
          "isChairman",
          "name",
        ],
        "type": "object",
      },
      "AdvertSignatureType": {
        "enum": [
          "Hefðbundin",
          "Nefnd",
        ],
        "type": "string",
      },
      "AdvertSimilar": {
        "properties": {
          "categories": {
            "description": "List of advert categories.",
            "items": {
              "$ref": "#/components/schemas/Category",
            },
            "nullable": false,
            "type": "array",
          },
          "department": {
            "allOf": [
              {
                "$ref": "#/components/schemas/Department",
              },
            ],
            "description": "The department the advert is for.",
            "example": "A deild",
            "nullable": false,
          },
          "id": {
            "description": "Unique ID for the advert, GUID format.",
            "example": "00000000-0000-0000-0000-000000000000",
            "nullable": false,
            "type": "string",
          },
          "involvedParty": {
            "allOf": [
              {
                "$ref": "#/components/schemas/Institution",
              },
            ],
            "description": "Involved party for the advert.",
            "nullable": false,
          },
          "publicationDate": {
            "description": "Date the advert was signed, can be null. ISO 8601 date and time format in UTC.",
            "example": "2024-01-20T09:00:00Z",
            "nullable": true,
            "type": "string",
          },
          "publicationNumber": {
            "allOf": [
              {
                "$ref": "#/components/schemas/AdvertPublicationNumber",
              },
            ],
            "description": "Publication number of the advert",
            "nullable": true,
          },
          "subject": {
            "description": "Subject of the advert, always dependant on the \`type\`.",
            "example": "fyrir hundahald í Reykjavíkurborg.",
            "type": "string",
          },
          "title": {
            "description": "Title of the advert with both \`type\` and \`subject\`.",
            "example": "GJALDSKRÁ fyrir hundahald í Reykjavíkurborg.",
            "type": "string",
          },
        },
        "required": [
          "id",
          "department",
          "title",
          "publicationNumber",
          "publicationDate",
          "categories",
          "involvedParty",
        ],
        "type": "object",
      },
      "AdvertStatus": {
        "enum": [
          "Virk",
          "Afturkölluð",
          "Drög",
          "Eldri auglýsing",
          "Hafnað",
          "Í bið",
          "Í vinnslu",
          "Innsend",
          "Tilbúin til útgáfu",
          "Útgefin",
        ],
        "type": "string",
      },
      "AdvertType": {
        "properties": {
          "department": {
            "allOf": [
              {
                "$ref": "#/components/schemas/Department",
              },
            ],
            "description": "The department of the main advert type",
          },
          "id": {
            "description": "The id of the main advert type",
            "type": "string",
          },
          "slug": {
            "description": "The slug of the main advert type",
            "type": "string",
          },
          "title": {
            "description": "The title of the main advert type",
            "type": "string",
          },
        },
        "required": [
          "id",
          "title",
          "slug",
          "department",
        ],
        "type": "object",
      },
      "AdvertTypeError": {
        "properties": {
          "errorType": {
            "enum": [
              "DuplicateError",
              "ValidationError",
              "NotFoundError",
            ],
            "type": "string",
          },
          "message": {
            "type": "string",
          },
          "name": {
            "type": "string",
          },
          "severity": {
            "enum": [
              "info",
              "warning",
              "error",
            ],
            "type": "string",
          },
        },
        "required": [
          "errorType",
          "name",
          "message",
          "severity",
        ],
        "type": "object",
      },
      "CaseAddition": {
        "properties": {
          "html": {
            "description": "HTML of the addition",
            "type": "string",
          },
          "id": {
            "example": "d290f1ee-6c54-4b01-90e6-d701748f0851",
            "type": "string",
          },
          "order": {
            "default": 0,
            "description": "HTML of the addition",
            "type": "number",
          },
          "title": {
            "description": "Title of the addition",
            "type": "string",
          },
        },
        "required": [
          "id",
          "title",
          "html",
          "order",
        ],
        "type": "object",
      },
      "CaseInProgress": {
        "properties": {
          "createdAt": {
            "description": "Date the case was created. ISO 8601 date and time format in UTC.",
            "example": "2024-01-01T09:00:00Z",
            "type": "string",
          },
          "fastTrack": {
            "description": "Requested fast track",
            "example": false,
            "type": "boolean",
          },
          "id": {
            "example": "d290f1ee-6c54-4b01-90e6-d701748f0851",
            "type": "string",
          },
          "involvedParty": {
            "description": "Title of the institution",
            "example": "Dómsmálaráðuneytið",
            "type": "string",
          },
          "requestedPublicationDate": {
            "description": "Requested advert publication date. ISO 8601 date and time format in UTC.",
            "example": "2024-01-01T09:00:00Z",
            "type": "string",
          },
          "status": {
            "description": "Status of the case",
            "enum": [
              "Innsent",
              "Grunnvinnsla",
              "Yfirlestur",
              "Tilbúið",
              "Útgefið",
              "Tekið úr birtingu",
              "Birtingu hafnað",
            ],
            "example": "Innsent",
            "type": "string",
          },
          "title": {
            "description": "Advert title with type",
            "example": "TITILL á máli",
            "type": "string",
          },
        },
        "required": [
          "id",
          "status",
          "involvedParty",
          "createdAt",
          "fastTrack",
          "requestedPublicationDate",
          "title",
        ],
        "type": "object",
      },
      "Category": {
        "properties": {
          "id": {
            "description": "Unique ID for the advert category, GUID format.",
            "example": "00000000-0000-0000-0000-000000000000",
            "nullable": false,
            "type": "string",
          },
          "mainCategories": {
            "description": "The main category this category belongs to.",
            "example": "Dómstólar og réttarfar",
            "items": {
              "$ref": "#/components/schemas/CategoryMainCategory",
            },
            "type": "array",
          },
          "slug": {
            "description": "Slug of the advert category, used in URLs and API requests.",
            "example": "evropska-efnahagssvaedid",
            "type": "string",
          },
          "title": {
            "description": "Title of the advert category.",
            "example": "Evrópska efnahagssvæðið",
            "type": "string",
          },
        },
        "required": [
          "id",
          "title",
          "slug",
        ],
        "type": "object",
      },
      "CategoryMainCategory": {
        "properties": {
          "description": {
            "description": "Description of the main category, used on front page.",
            "example": "Hæstiréttur, lögmenn, lögreglumál, dómsmál og landsdómur.",
            "type": "string",
          },
          "id": {
            "description": "Unique ID for the main category, GUID format.",
            "example": "00000000-0000-0000-0000-000000000000",
            "nullable": false,
            "type": "string",
          },
          "slug": {
            "description": "Slug of the main category, used in URLs and API requests.",
            "example": "domstolar-og-rettarfar",
            "type": "string",
          },
          "title": {
            "description": "Title of the main category.",
            "example": "Dómstólar og réttarfar",
            "type": "string",
          },
        },
        "required": [
          "id",
          "title",
          "slug",
          "description",
        ],
        "type": "object",
      },
      "Department": {
        "properties": {
          "id": {
            "description": "Unique ID for the advert department, GUID format.",
            "example": "00000000-0000-0000-0000-000000000000",
            "nullable": false,
            "type": "string",
          },
          "slug": {
            "description": "Slug of the advert department, used in URLs and API requests.",
            "example": "a-deild",
            "type": "string",
          },
          "title": {
            "description": "Title of the advert department.",
            "example": "A deild",
            "type": "string",
          },
        },
        "required": [
          "id",
          "title",
          "slug",
        ],
        "type": "object",
      },
      "GetAdvertMainType": {
        "properties": {
          "mainType": {
            "allOf": [
              {
                "$ref": "#/components/schemas/AdvertMainType",
              },
            ],
            "description": "The main advert type",
          },
        },
        "required": [
          "mainType",
        ],
        "type": "object",
      },
      "GetAdvertMainTypes": {
        "properties": {
          "mainTypes": {
            "description": "List of all main advert types",
            "items": {
              "$ref": "#/components/schemas/AdvertMainType",
            },
            "type": "array",
          },
          "paging": {
            "allOf": [
              {
                "$ref": "#/components/schemas/Paging",
              },
            ],
            "description": "Paging information",
          },
        },
        "required": [
          "mainTypes",
          "paging",
        ],
        "type": "object",
      },
      "GetAdvertResponse": {
        "properties": {
          "advert": {
            "allOf": [
              {
                "$ref": "#/components/schemas/Advert",
              },
            ],
            "description": "Advert",
          },
        },
        "required": [
          "advert",
        ],
        "type": "object",
      },
      "GetAdvertSignatureResponse": {
        "properties": {
          "items": {
            "description": "List of signatures",
            "items": {
              "$ref": "#/components/schemas/AdvertSignature",
            },
            "nullable": false,
            "type": "array",
          },
          "paging": {
            "allOf": [
              {
                "$ref": "#/components/schemas/Paging",
              },
            ],
            "description": "Paging information",
            "nullable": false,
          },
        },
        "required": [
          "items",
          "paging",
        ],
        "type": "object",
      },
      "GetAdvertType": {
        "properties": {
          "type": {
            "allOf": [
              {
                "$ref": "#/components/schemas/AdvertType",
              },
            ],
            "description": "The advert type",
          },
        },
        "required": [
          "type",
        ],
        "type": "object",
      },
      "GetAdvertTypes": {
        "properties": {
          "paging": {
            "allOf": [
              {
                "$ref": "#/components/schemas/Paging",
              },
            ],
            "description": "Paging information",
          },
          "types": {
            "description": "List of advert types",
            "items": {
              "$ref": "#/components/schemas/AdvertType",
            },
            "type": "array",
          },
        },
        "required": [
          "types",
          "paging",
        ],
        "type": "object",
      },
      "GetAdvertsResponse": {
        "properties": {
          "adverts": {
            "description": "List of adverts",
            "items": {
              "$ref": "#/components/schemas/Advert",
            },
            "type": "array",
          },
          "paging": {
            "allOf": [
              {
                "$ref": "#/components/schemas/Paging",
              },
            ],
            "description": "Paging info",
          },
        },
        "required": [
          "adverts",
          "paging",
        ],
        "type": "object",
      },
      "GetCasesInProgressReponse": {
        "properties": {
          "cases": {
            "items": {
              "$ref": "#/components/schemas/CaseInProgress",
            },
            "type": "array",
          },
          "paging": {
            "allOf": [
              {
                "$ref": "#/components/schemas/Paging",
              },
            ],
            "description": "Paging info",
          },
        },
        "required": [
          "cases",
          "paging",
        ],
        "type": "object",
      },
      "GetCategoriesResponse": {
        "properties": {
          "categories": {
            "description": "List of advert categories",
            "items": {
              "$ref": "#/components/schemas/Category",
            },
            "type": "array",
          },
          "paging": {
            "allOf": [
              {
                "$ref": "#/components/schemas/Paging",
              },
            ],
            "description": "Paging info",
          },
        },
        "required": [
          "categories",
          "paging",
        ],
        "type": "object",
      },
      "GetDepartmentResponse": {
        "properties": {
          "department": {
            "allOf": [
              {
                "$ref": "#/components/schemas/Department",
              },
            ],
            "description": "The department that was found.",
          },
        },
        "required": [
          "department",
        ],
        "type": "object",
      },
      "GetDepartmentsResponse": {
        "properties": {
          "departments": {
            "description": "List of departments",
            "items": {
              "$ref": "#/components/schemas/Department",
            },
            "type": "array",
          },
          "paging": {
            "allOf": [
              {
                "$ref": "#/components/schemas/Paging",
              },
            ],
            "description": "Paging info",
          },
        },
        "required": [
          "departments",
          "paging",
        ],
        "type": "object",
      },
      "GetInstitutionsResponse": {
        "properties": {
          "institutions": {
            "description": "List of involved parties",
            "items": {
              "$ref": "#/components/schemas/Institution",
            },
            "type": "array",
          },
          "paging": {
            "allOf": [
              {
                "$ref": "#/components/schemas/Paging",
              },
            ],
            "description": "Paging info",
          },
        },
        "required": [
          "institutions",
          "paging",
        ],
        "type": "object",
      },
      "GetLeanAdvertsResponse": {
        "properties": {
          "adverts": {
            "description": "List of adverts where minimal data is returned",
            "items": {
              "$ref": "#/components/schemas/AdvertLean",
            },
            "type": "array",
          },
          "paging": {
            "allOf": [
              {
                "$ref": "#/components/schemas/Paging",
              },
            ],
            "description": "Paging info",
          },
        },
        "required": [
          "adverts",
          "paging",
        ],
        "type": "object",
      },
      "GetMainCategoriesResponse": {
        "properties": {
          "mainCategories": {
            "description": "List of main categories",
            "items": {
              "$ref": "#/components/schemas/MainCategory",
            },
            "type": "array",
          },
          "paging": {
            "allOf": [
              {
                "$ref": "#/components/schemas/Paging",
              },
            ],
            "description": "Paging info",
          },
        },
        "required": [
          "mainCategories",
          "paging",
        ],
        "type": "object",
      },
      "GetMonthlyIssuesResponseDto": {
        "properties": {
          "issues": {
            "items": {
              "$ref": "#/components/schemas/IssueDto",
            },
            "type": "array",
          },
          "paging": {
            "$ref": "#/components/schemas/Paging",
          },
        },
        "required": [
          "issues",
          "paging",
        ],
        "type": "object",
      },
      "GetPdfRespone": {
        "properties": {
          "content": {
            "description": "Base64 encoded PDF",
            "type": "string",
          },
        },
        "required": [
          "content",
        ],
        "type": "object",
      },
      "GetPdfUrlResponse": {
        "properties": {
          "url": {
            "type": "string",
          },
        },
        "required": [
          "url",
        ],
        "type": "object",
      },
      "GetSimilarAdvertsResponse": {
        "properties": {
          "adverts": {
            "description": "List of similar adverts",
            "items": {
              "$ref": "#/components/schemas/AdvertSimilar",
            },
            "type": "array",
          },
        },
        "required": [
          "adverts",
        ],
        "type": "object",
      },
      "Institution": {
        "properties": {
          "id": {
            "description": "Unique ID for the institution, GUID format.",
            "example": "00000000-0000-0000-0000-000000000000",
            "nullable": false,
            "type": "string",
          },
          "nationalId": {
            "description": "National ID of the institution",
            "example": "650376-2949",
            "type": "string",
          },
          "slug": {
            "description": "Slug of the institution, used in URLs and API requests.",
            "example": "domsmalaraduneytid",
            "type": "string",
          },
          "title": {
            "description": "Title of the institution",
            "example": "Dómsmálaráðuneytið",
            "type": "string",
          },
        },
        "required": [
          "id",
          "title",
          "slug",
          "nationalId",
        ],
        "type": "object",
      },
      "InternalServerErrorException": {
        "properties": {},
        "type": "object",
      },
      "IssueDto": {
        "properties": {
          "department": {
            "$ref": "#/components/schemas/Department",
          },
          "endDate": {
            "format": "date-time",
            "type": "string",
          },
          "formattedTitle": {
            "type": "string",
          },
          "id": {
            "type": "string",
          },
          "startDate": {
            "format": "date-time",
            "type": "string",
          },
          "title": {
            "type": "string",
          },
          "url": {
            "type": "string",
          },
        },
        "required": [
          "id",
          "department",
          "startDate",
          "endDate",
          "title",
          "formattedTitle",
          "url",
        ],
        "type": "object",
      },
      "MainCategory": {
        "properties": {
          "categories": {
            "description": "List of sub categories under this main category.",
            "items": {
              "$ref": "#/components/schemas/Category",
            },
            "type": "array",
          },
          "departmentId": {
            "description": "Department linked to category.",
            "example": "00000000-0000-0000-0000-000000000000",
            "type": "string",
          },
          "description": {
            "description": "Description of the main category, used on front page.",
            "example": "Hæstiréttur, lögmenn, lögreglumál, dómsmál og landsdómur.",
            "type": "string",
          },
          "id": {
            "description": "Unique ID for the main category, GUID format.",
            "example": "00000000-0000-0000-0000-000000000000",
            "nullable": false,
            "type": "string",
          },
          "slug": {
            "description": "Slug of the main category, used in URLs and API requests.",
            "example": "domstolar-og-rettarfar",
            "type": "string",
          },
          "title": {
            "description": "Title of the main category.",
            "example": "Dómstólar og réttarfar",
            "type": "string",
          },
        },
        "required": [
          "id",
          "title",
          "slug",
          "departmentId",
          "description",
          "categories",
        ],
        "type": "object",
      },
      "NotFoundException": {
        "properties": {},
        "type": "object",
      },
      "Paging": {
        "properties": {
          "hasNextPage": {
            "example": true,
            "type": "boolean",
          },
          "hasPreviousPage": {
            "example": false,
            "type": "boolean",
          },
          "nextPage": {
            "example": 2,
            "nullable": true,
            "type": "number",
          },
          "page": {
            "example": 1,
            "type": "number",
          },
          "pageSize": {
            "example": 10,
            "maximum": 100,
            "minimum": 1,
            "type": "number",
          },
          "previousPage": {
            "example": 1,
            "nullable": true,
            "type": "number",
          },
          "totalItems": {
            "example": 1000,
            "type": "number",
          },
          "totalPages": {
            "example": 10,
            "type": "number",
          },
        },
        "required": [
          "page",
          "totalPages",
          "totalItems",
          "nextPage",
          "previousPage",
          "pageSize",
          "hasNextPage",
          "hasPreviousPage",
        ],
        "type": "object",
      },
    },
  },
  "info": {
    "contact": {},
    "description": "API for advarts and publication in the Official Journal of Iceland.",
    "title": "The Official Journal of Iceland API",
    "version": "1.0",
  },
  "openapi": "3.0.0",
  "paths": {
    "/api/v1/advert-types/main-types": {
      "get": {
        "operationId": "getMainTypes",
        "parameters": [
          {
            "description": "Search by id",
            "in": "query",
            "name": "id",
            "required": false,
            "schema": {
              "type": "string",
            },
          },
          {
            "description": "Filter by unassigned",
            "in": "query",
            "name": "unassigned",
            "required": false,
            "schema": {
              "type": "boolean",
            },
          },
          {
            "description": "Search by main type id",
            "in": "query",
            "name": "mainType",
            "required": false,
            "schema": {
              "type": "string",
            },
          },
          {
            "description": "Search by title",
            "in": "query",
            "name": "search",
            "required": false,
            "schema": {
              "type": "string",
            },
          },
          {
            "description": "Search by slug",
            "in": "query",
            "name": "slug",
            "required": false,
            "schema": {
              "type": "string",
            },
          },
          {
            "description": "Search by department slug, title or id",
            "in": "query",
            "name": "department",
            "required": false,
            "schema": {
              "type": "string",
            },
          },
          {
            "description": "The page number",
            "in": "query",
            "name": "page",
            "required": false,
            "schema": {
              "type": "number",
            },
          },
          {
            "description": "The page size",
            "in": "query",
            "name": "pageSize",
            "required": false,
            "schema": {
              "type": "number",
            },
          },
        ],
        "responses": {
          "200": {
            "content": {
              "application/json": {
                "schema": {
                  "$ref": "#/components/schemas/GetAdvertMainTypes",
                },
              },
            },
            "description": "",
          },
          "400": {
            "content": {
              "application/json": {
                "schema": {
                  "$ref": "#/components/schemas/AdvertTypeError",
                },
              },
            },
            "description": "",
          },
          "500": {
            "content": {
              "application/json": {
                "schema": {
                  "$ref": "#/components/schemas/AdvertTypeError",
                },
              },
            },
            "description": "",
          },
        },
        "summary": "",
      },
    },
    "/api/v1/advert-types/main-types/{id}": {
      "get": {
        "operationId": "getMainTypeById",
        "parameters": [
          {
            "in": "path",
            "name": "id",
            "required": true,
            "schema": {
              "type": "string",
            },
          },
        ],
        "responses": {
          "200": {
            "content": {
              "application/json": {
                "schema": {
                  "$ref": "#/components/schemas/GetAdvertMainType",
                },
              },
            },
            "description": "",
          },
          "400": {
            "content": {
              "application/json": {
                "schema": {
                  "$ref": "#/components/schemas/AdvertTypeError",
                },
              },
            },
            "description": "",
          },
          "404": {
            "content": {
              "application/json": {
                "schema": {
                  "$ref": "#/components/schemas/AdvertTypeError",
                },
              },
            },
            "description": "",
          },
          "500": {
            "content": {
              "application/json": {
                "schema": {
                  "$ref": "#/components/schemas/AdvertTypeError",
                },
              },
            },
            "description": "",
          },
        },
        "summary": "",
      },
    },
    "/api/v1/advert-types/types": {
      "get": {
        "operationId": "getTypes",
        "parameters": [
          {
            "description": "Search by id",
            "in": "query",
            "name": "id",
            "required": false,
            "schema": {
              "type": "string",
            },
          },
          {
            "description": "Filter by unassigned",
            "in": "query",
            "name": "unassigned",
            "required": false,
            "schema": {
              "type": "boolean",
            },
          },
          {
            "description": "Search by main type id",
            "in": "query",
            "name": "mainType",
            "required": false,
            "schema": {
              "type": "string",
            },
          },
          {
            "description": "Search by title",
            "in": "query",
            "name": "search",
            "required": false,
            "schema": {
              "type": "string",
            },
          },
          {
            "description": "Search by slug",
            "in": "query",
            "name": "slug",
            "required": false,
            "schema": {
              "type": "string",
            },
          },
          {
            "description": "Search by department slug, title or id",
            "in": "query",
            "name": "department",
            "required": false,
            "schema": {
              "type": "string",
            },
          },
          {
            "description": "The page number",
            "in": "query",
            "name": "page",
            "required": false,
            "schema": {
              "type": "number",
            },
          },
          {
            "description": "The page size",
            "in": "query",
            "name": "pageSize",
            "required": false,
            "schema": {
              "type": "number",
            },
          },
        ],
        "responses": {
          "200": {
            "content": {
              "application/json": {
                "schema": {
                  "$ref": "#/components/schemas/GetAdvertTypes",
                },
              },
            },
            "description": "",
          },
          "400": {
            "content": {
              "application/json": {
                "schema": {
                  "$ref": "#/components/schemas/AdvertTypeError",
                },
              },
            },
            "description": "",
          },
          "500": {
            "content": {
              "application/json": {
                "schema": {
                  "$ref": "#/components/schemas/AdvertTypeError",
                },
              },
            },
            "description": "",
          },
        },
        "summary": "",
      },
    },
    "/api/v1/advert-types/types/{id}": {
      "get": {
        "operationId": "getTypeById",
        "parameters": [
          {
            "in": "path",
            "name": "id",
            "required": true,
            "schema": {
              "type": "string",
            },
          },
        ],
        "responses": {
          "200": {
            "content": {
              "application/json": {
                "schema": {
                  "$ref": "#/components/schemas/GetAdvertType",
                },
              },
            },
            "description": "",
          },
          "400": {
            "content": {
              "application/json": {
                "schema": {
                  "$ref": "#/components/schemas/AdvertTypeError",
                },
              },
            },
            "description": "",
          },
          "404": {
            "content": {
              "application/json": {
                "schema": {
                  "$ref": "#/components/schemas/AdvertTypeError",
                },
              },
            },
            "description": "",
          },
          "500": {
            "content": {
              "application/json": {
                "schema": {
                  "$ref": "#/components/schemas/AdvertTypeError",
                },
              },
            },
            "description": "",
          },
        },
        "summary": "",
      },
    },
    "/api/v1/adverts": {
      "get": {
        "operationId": "getAdverts",
        "parameters": [
          {
            "description": "String to search for in adverts.",
            "in": "query",
            "name": "search",
            "required": false,
            "schema": {
              "type": "string",
            },
          },
          {
            "description": "Page number to return.",
            "in": "query",
            "name": "page",
            "required": false,
            "schema": {
              "type": "number",
            },
          },
          {
            "description": "Page size to return.",
            "in": "query",
            "name": "pageSize",
            "required": false,
            "schema": {
              "type": "number",
            },
          },
          {
            "description": "One or more departments (by \`slug\`) to filter on.",
            "in": "query",
            "name": "department",
            "required": false,
            "schema": {
              "items": {
                "type": "string",
              },
              "type": "array",
            },
          },
          {
            "description": "Year (signature year) to filter by",
            "in": "query",
            "name": "year",
            "required": false,
            "schema": {
              "type": "string",
            },
          },
          {
            "description": "One or more types (by \`slug\`) to filter on.",
            "in": "query",
            "name": "type",
            "required": false,
            "schema": {
              "items": {
                "type": "string",
              },
              "type": "array",
            },
          },
          {
            "description": "One or more main types (by \`slug\`) to filter on.",
            "in": "query",
            "name": "mainType",
            "required": false,
            "schema": {
              "items": {
                "type": "string",
              },
              "type": "array",
            },
          },
          {
            "description": "One or more categories (by \`slug\`) to filter on.",
            "in": "query",
            "name": "category",
            "required": false,
            "schema": {
              "items": {
                "type": "string",
              },
              "type": "array",
            },
          },
          {
            "description": "One or more involved parties (by \`slug\`) to filter on.",
            "in": "query",
            "name": "involvedParty",
            "required": false,
            "schema": {
              "items": {
                "type": "string",
              },
              "type": "array",
            },
          },
          {
            "description": "Date from which to filter adverts on, inclusive, takes into account \`createdDate\`, \`updatedDate\` and \`signatureDate\`.",
            "in": "query",
            "name": "dateFrom",
            "required": false,
            "schema": {
              "type": "string",
            },
          },
          {
            "description": "Date to which to filter adverts on, inclusive, takes into account \`createdDate\`, \`updatedDate\` and \`signatureDate\`.",
            "in": "query",
            "name": "dateTo",
            "required": false,
            "schema": {
              "type": "string",
            },
          },
          {
            "in": "query",
            "name": "sortBy",
            "required": false,
            "schema": {
              "example": "sortBy",
              "type": "string",
            },
          },
          {
            "in": "query",
            "name": "direction",
            "required": false,
            "schema": {
              "example": "ASC",
              "type": "string",
            },
          },
        ],
        "responses": {
          "200": {
            "content": {
              "application/json": {
                "schema": {
                  "$ref": "#/components/schemas/GetAdvertsResponse",
                },
              },
            },
            "description": "",
          },
        },
        "summary": "",
      },
    },
    "/api/v1/adverts-lean": {
      "get": {
        "operationId": "getAdvertsLean",
        "parameters": [
          {
            "description": "String to search for in adverts.",
            "in": "query",
            "name": "search",
            "required": false,
            "schema": {
              "type": "string",
            },
          },
          {
            "description": "Page number to return.",
            "in": "query",
            "name": "page",
            "required": false,
            "schema": {
              "type": "number",
            },
          },
          {
            "description": "Page size to return.",
            "in": "query",
            "name": "pageSize",
            "required": false,
            "schema": {
              "type": "number",
            },
          },
          {
            "description": "One or more departments (by \`slug\`) to filter on.",
            "in": "query",
            "name": "department",
            "required": false,
            "schema": {
              "items": {
                "type": "string",
              },
              "type": "array",
            },
          },
          {
            "description": "Year (signature year) to filter by",
            "in": "query",
            "name": "year",
            "required": false,
            "schema": {
              "type": "string",
            },
          },
          {
            "description": "One or more types (by \`slug\`) to filter on.",
            "in": "query",
            "name": "type",
            "required": false,
            "schema": {
              "items": {
                "type": "string",
              },
              "type": "array",
            },
          },
          {
            "description": "One or more main types (by \`slug\`) to filter on.",
            "in": "query",
            "name": "mainType",
            "required": false,
            "schema": {
              "items": {
                "type": "string",
              },
              "type": "array",
            },
          },
          {
            "description": "One or more categories (by \`slug\`) to filter on.",
            "in": "query",
            "name": "category",
            "required": false,
            "schema": {
              "items": {
                "type": "string",
              },
              "type": "array",
            },
          },
          {
            "description": "One or more involved parties (by \`slug\`) to filter on.",
            "in": "query",
            "name": "involvedParty",
            "required": false,
            "schema": {
              "items": {
                "type": "string",
              },
              "type": "array",
            },
          },
          {
            "description": "Date from which to filter adverts on, inclusive, takes into account \`createdDate\`, \`updatedDate\` and \`signatureDate\`.",
            "in": "query",
            "name": "dateFrom",
            "required": false,
            "schema": {
              "type": "string",
            },
          },
          {
            "description": "Date to which to filter adverts on, inclusive, takes into account \`createdDate\`, \`updatedDate\` and \`signatureDate\`.",
            "in": "query",
            "name": "dateTo",
            "required": false,
            "schema": {
              "type": "string",
            },
          },
          {
            "in": "query",
            "name": "sortBy",
            "required": false,
            "schema": {
              "example": "sortBy",
              "type": "string",
            },
          },
          {
            "in": "query",
            "name": "direction",
            "required": false,
            "schema": {
              "example": "ASC",
              "type": "string",
            },
          },
        ],
        "responses": {
          "200": {
            "content": {
              "application/json": {
                "schema": {
                  "$ref": "#/components/schemas/GetLeanAdvertsResponse",
                },
              },
            },
            "description": "",
          },
        },
        "summary": "",
      },
    },
    "/api/v1/adverts/similar/{id}": {
      "get": {
        "operationId": "getSimilarAdvertsById",
        "parameters": [
          {
            "in": "path",
            "name": "id",
            "required": true,
            "schema": {
              "type": "string",
            },
          },
        ],
        "responses": {
          "200": {
            "content": {
              "application/json": {
                "schema": {
                  "$ref": "#/components/schemas/GetSimilarAdvertsResponse",
                },
              },
            },
            "description": "",
          },
        },
        "summary": "",
      },
    },
    "/api/v1/adverts/{id}": {
      "get": {
        "operationId": "getAdvertById",
        "parameters": [
          {
            "in": "path",
            "name": "id",
            "required": true,
            "schema": {
              "type": "string",
            },
          },
        ],
        "responses": {
          "200": {
            "content": {
              "application/json": {
                "schema": {
                  "$ref": "#/components/schemas/GetAdvertResponse",
                },
              },
            },
            "description": "",
          },
        },
        "summary": "",
      },
    },
    "/api/v1/cases": {
      "get": {
        "operationId": "getCasesInProgress",
        "parameters": [
          {
            "description": "String to search for",
            "in": "query",
            "name": "search",
            "required": false,
            "schema": {
              "type": "string",
            },
          },
          {
            "in": "query",
            "name": "ids",
            "required": false,
            "schema": {
              "default": [],
              "items": {
                "type": "string",
              },
              "type": "array",
            },
          },
          {
            "description": "Page number to return.",
            "in": "query",
            "name": "page",
            "required": false,
            "schema": {
              "type": "number",
            },
          },
          {
            "description": "Page size number to return.",
            "in": "query",
            "name": "pageSize",
            "required": false,
            "schema": {
              "type": "number",
            },
          },
        ],
        "responses": {
          "200": {
            "content": {
              "application/json": {
                "schema": {
                  "$ref": "#/components/schemas/GetCasesInProgressReponse",
                },
              },
            },
            "description": "",
          },
        },
        "summary": "",
      },
    },
    "/api/v1/categories": {
      "get": {
        "operationId": "getCategories",
        "parameters": [
          {
            "description": "String to search for",
            "in": "query",
            "name": "search",
            "required": false,
            "schema": {
              "type": "string",
            },
          },
          {
            "in": "query",
            "name": "ids",
            "required": false,
            "schema": {
              "default": [],
              "items": {
                "type": "string",
              },
              "type": "array",
            },
          },
          {
            "description": "Page number to return.",
            "in": "query",
            "name": "page",
            "required": false,
            "schema": {
              "type": "number",
            },
          },
          {
            "description": "Page size number to return.",
            "in": "query",
            "name": "pageSize",
            "required": false,
            "schema": {
              "type": "number",
            },
          },
        ],
        "responses": {
          "200": {
            "content": {
              "application/json": {
                "schema": {
                  "$ref": "#/components/schemas/GetCategoriesResponse",
                },
              },
            },
            "description": "",
          },
        },
        "summary": "",
      },
    },
    "/api/v1/departments": {
      "get": {
        "operationId": "getDepartments",
        "parameters": [
          {
            "description": "String to search for in departments.",
            "in": "query",
            "name": "search",
            "required": false,
            "schema": {
              "type": "string",
            },
          },
          {
            "description": "Page number to return.",
            "in": "query",
            "name": "page",
            "required": false,
            "schema": {
              "type": "number",
            },
          },
          {
            "description": "Page size number to return.",
            "in": "query",
            "name": "pageSize",
            "required": false,
            "schema": {
              "type": "number",
            },
          },
        ],
        "responses": {
          "200": {
            "content": {
              "application/json": {
                "schema": {
                  "$ref": "#/components/schemas/GetDepartmentsResponse",
                },
              },
            },
            "description": "",
          },
        },
        "summary": "",
      },
    },
    "/api/v1/departments/{id}": {
      "get": {
        "operationId": "getDepartmentById",
        "parameters": [
          {
            "in": "path",
            "name": "id",
            "required": true,
            "schema": {
              "type": "string",
            },
          },
        ],
        "responses": {
          "200": {
            "content": {
              "application/json": {
                "schema": {
                  "$ref": "#/components/schemas/GetDepartmentResponse",
                },
              },
            },
            "description": "",
          },
        },
        "summary": "",
      },
    },
    "/api/v1/health": {
      "get": {
        "operationId": "HealthController__v1",
        "parameters": [],
        "responses": {
          "200": {
            "description": "Health check endpoint.",
          },
        },
      },
    },
    "/api/v1/institutions": {
      "get": {
        "operationId": "getInstitutions",
        "parameters": [
          {
            "description": "String to search for",
            "in": "query",
            "name": "search",
            "required": false,
            "schema": {
              "type": "string",
            },
          },
          {
            "in": "query",
            "name": "ids",
            "required": false,
            "schema": {
              "default": [],
              "items": {
                "type": "string",
              },
              "type": "array",
            },
          },
          {
            "description": "Page number to return.",
            "in": "query",
            "name": "page",
            "required": false,
            "schema": {
              "type": "number",
            },
          },
          {
            "description": "Page size number to return.",
            "in": "query",
            "name": "pageSize",
            "required": false,
            "schema": {
              "type": "number",
            },
          },
        ],
        "responses": {
          "200": {
            "content": {
              "application/json": {
                "schema": {
                  "$ref": "#/components/schemas/GetInstitutionsResponse",
                },
              },
            },
            "description": "",
          },
        },
        "summary": "",
      },
    },
    "/api/v1/issues": {
      "get": {
        "operationId": "getMonthlyIssues",
        "parameters": [
          {
            "in": "query",
            "name": "page",
            "required": false,
            "schema": {
              "default": 1,
              "example": 1,
              "type": "number",
            },
          },
          {
            "in": "query",
            "name": "pageSize",
            "required": false,
            "schema": {
              "default": 10,
              "example": 10,
              "type": "number",
            },
          },
          {
            "in": "query",
            "name": "departmentId",
            "required": false,
            "schema": {
              "type": "string",
            },
          },
          {
            "in": "query",
            "name": "month",
            "required": false,
            "schema": {
              "type": "number",
            },
          },
          {
            "in": "query",
            "name": "year",
            "required": false,
            "schema": {
              "type": "number",
            },
          },
        ],
        "responses": {
          "200": {
            "content": {
              "application/json": {
                "schema": {
                  "$ref": "#/components/schemas/GetMonthlyIssuesResponseDto",
                },
              },
            },
            "description": "List of monthly issues",
          },
        },
        "summary": "",
      },
    },
    "/api/v1/issues/generate": {
      "post": {
        "operationId": "generateMonthlyIssues",
        "parameters": [
          {
            "in": "query",
            "name": "departmentId",
            "required": true,
            "schema": {
              "type": "string",
            },
          },
          {
            "in": "query",
            "name": "date",
            "required": true,
            "schema": {
              "format": "date-time",
              "type": "string",
            },
          },
        ],
        "responses": {
          "204": {
            "description": "Monthly issues generation started",
          },
        },
        "security": [
          {
            "bearer": [],
          },
        ],
        "summary": "",
      },
    },
    "/api/v1/maincategories": {
      "get": {
        "operationId": "getMainCategories",
        "parameters": [
          {
            "description": "String to search for",
            "in": "query",
            "name": "search",
            "required": false,
            "schema": {
              "type": "string",
            },
          },
          {
            "in": "query",
            "name": "ids",
            "required": false,
            "schema": {
              "default": [],
              "items": {
                "type": "string",
              },
              "type": "array",
            },
          },
          {
            "description": "Page number to return.",
            "in": "query",
            "name": "page",
            "required": false,
            "schema": {
              "type": "number",
            },
          },
          {
            "description": "Page size number to return.",
            "in": "query",
            "name": "pageSize",
            "required": false,
            "schema": {
              "type": "number",
            },
          },
        ],
        "responses": {
          "200": {
            "content": {
              "application/json": {
                "schema": {
                  "$ref": "#/components/schemas/GetMainCategoriesResponse",
                },
              },
            },
            "description": "",
          },
        },
        "summary": "",
      },
    },
    "/api/v1/pdf/application/{id}": {
      "get": {
        "operationId": "getPdfByApplicationId",
        "parameters": [
          {
            "in": "path",
            "name": "id",
            "required": true,
            "schema": {
              "type": "string",
            },
          },
          {
            "description": "Show date in PDF",
            "in": "query",
            "name": "showDate",
            "required": false,
            "schema": {
              "default": true,
              "type": "boolean",
            },
          },
        ],
        "responses": {
          "200": {
            "content": {
              "application/json": {
                "schema": {
                  "$ref": "#/components/schemas/GetPdfRespone",
                },
              },
            },
            "description": "",
          },
        },
        "summary": "",
      },
    },
    "/api/v1/pdf/application/{id}/url": {
      "get": {
        "operationId": "getPdfUrlByApplicationId",
        "parameters": [
          {
            "in": "path",
            "name": "id",
            "required": true,
            "schema": {
              "type": "string",
            },
          },
        ],
        "responses": {
          "200": {
            "content": {
              "application/json": {
                "schema": {
                  "$ref": "#/components/schemas/GetPdfUrlResponse",
                },
              },
            },
            "description": "",
          },
        },
        "summary": "",
      },
    },
    "/api/v1/pdf/case/{id}": {
      "get": {
        "operationId": "getPdfByCaseId",
        "parameters": [
          {
            "in": "path",
            "name": "id",
            "required": true,
            "schema": {
              "type": "string",
            },
          },
        ],
        "responses": {
          "200": {
            "content": {
              "application/json": {
                "schema": {
                  "$ref": "#/components/schemas/GetPdfRespone",
                },
              },
            },
            "description": "",
          },
        },
        "summary": "",
      },
    },
    "/api/v1/pdf/case/{id}/url": {
      "get": {
        "operationId": "getPdfUrlByCaseId",
        "parameters": [
          {
            "in": "path",
            "name": "id",
            "required": true,
            "schema": {
              "type": "string",
            },
          },
        ],
        "responses": {
          "200": {
            "content": {
              "application/json": {
                "schema": {
                  "$ref": "#/components/schemas/GetPdfUrlResponse",
                },
              },
            },
            "description": "",
          },
        },
        "summary": "",
      },
    },
    "/api/v1/pdf/{id}": {
      "get": {
        "operationId": "getPDFFromAdvert",
        "parameters": [
          {
            "in": "path",
            "name": "id",
            "required": true,
            "schema": {
              "type": "string",
            },
          },
        ],
        "responses": {
          "301": {
            "description": "",
            "headers": {
              "Location": {
                "schema": {
                  "format": "uri",
                  "type": "string",
                },
              },
            },
          },
          "404": {
            "content": {
              "application/json": {
                "schema": {
                  "$ref": "#/components/schemas/NotFoundException",
                },
              },
            },
            "description": "",
          },
          "500": {
            "content": {
              "application/json": {
                "schema": {
                  "$ref": "#/components/schemas/InternalServerErrorException",
                },
              },
            },
            "description": "",
          },
        },
        "summary": "",
      },
    },
    "/api/v1/rss/{id}": {
      "get": {
        "operationId": "getRssFeed",
        "parameters": [
          {
            "in": "path",
            "name": "id",
            "required": true,
            "schema": {
              "type": "string",
            },
          },
        ],
        "responses": {
          "200": {
            "content": {
              "application/rss+xml": {
                "schema": {
                  "type": "string",
                },
              },
            },
            "description": "",
          },
        },
        "summary": "",
      },
    },
    "/api/v1/signatures": {
      "get": {
        "operationId": "getSignatures",
        "parameters": [
          {
            "description": "Search for a specific signature by id",
            "in": "query",
            "name": "id",
            "required": false,
            "schema": {
              "type": "string",
            },
          },
          {
            "description": "Search for a specific signature by type",
            "in": "query",
            "name": "type",
            "required": false,
            "schema": {
              "example": "Regular",
              "type": "string",
            },
          },
          {
            "description": "Search for a specific signature",
            "in": "query",
            "name": "search",
            "required": false,
            "schema": {
              "example": "Dagur B. Eggertsson",
              "type": "string",
            },
          },
          {
            "description": "Page number to return.",
            "in": "query",
            "name": "page",
            "required": false,
            "schema": {
              "type": "number",
            },
          },
        ],
        "responses": {
          "200": {
            "content": {
              "application/json": {
                "schema": {
                  "$ref": "#/components/schemas/GetAdvertSignatureResponse",
                },
              },
            },
            "description": "",
          },
        },
        "summary": "",
      },
    },
  },
  "servers": [],
  "tags": [],
}
`;
